<!-- wp:block-development-examples/settings-sidebar-82c525 -->
<div class="wp-block-block-development-examples-settings-sidebar-82c525" style="background-color:#000000;color:#ffffff"></div>
<!-- /wp:block-development-examples/settings-sidebar-82c525 -->