<!-- wp:block-development-examples/block-dynamic-rendering-64756b /-->