<!-- wp:block-development-examples/block-static-rendering-b16608 -->
<p class="wp-block-block-development-examples-block-static-rendering-b16608">02 Block with Static Rendering â€“ hello from the saved content!</p>
<!-- /wp:block-development-examples/block-static-rendering-b16608 -->