<!-- wp:block-development-examples/basic-block-translations-3df23d -->
<div style="background-color:#900;color:#fff;padding:20px" class="wp-block-block-development-examples-basic-block-translations-3df23d">Hello World!! (from the frontend).</div>
<!-- /wp:block-development-examples/basic-block-translations-3df23d -->