<!-- wp:block-development-examples/dynamic-block-b0bce7 /-->