<!-- wp:block-development-examples/copyright-date-block-09aac3 {"fallbackCurrentYear":"2023"} -->
<p class="wp-block-block-development-examples-copyright-date-block-09aac3">Â© 2023</p>
<!-- /wp:block-development-examples/copyright-date-block-09aac3 -->