<!-- wp:block-development-examples/interactivity-api-block-833d15 /-->