<!-- wp:block-development-examples/basic-esnext-a2ab62 -->
<div style="background-color:#900;color:#fff;padding:20px" class="wp-block-block-development-examples-basic-esnext-a2ab62">Hello World, step 1 (from the frontend).</div>
<!-- /wp:block-development-examples/basic-esnext-a2ab62 -->