<!-- wp:block-development-examples/meta-block-bb1e55 /-->